  Determining projects to restore...
  Restored C:\Users\hoangdv\source\repos\WebAppExam\WebAppExam.GrpcContracts\WebAppExam.GrpcContracts.csproj (in 286 ms).
  Restored C:\Users\hoangdv\source\repos\WebAppExam.InventoryService\WebAppExam.InventoryService.BackgroundJob\WebAppExam.InventoryService.BackgroundJob.csproj (in 286 ms).
  Restored C:\Users\hoangdv\source\repos\WebAppExam.InventoryService\WebAppExam.InventoryService.Infrastructure\WebAppExam.InventoryService.Infrastructure.csproj (in 286 ms).
  Restored C:\Users\hoangdv\source\repos\WebAppExam.InventoryService\WebAppExam.InventoryService.API\WebAppExam.InventoryService.API.csproj (in 286 ms).
  2 of 6 projects are up-to-date for restore.
C:\Users\hoangdv\source\repos\WebAppExam.InventoryService\WebAppExam.InventoryService.Domain\Entity\WareHouse.cs(15,13): warning CS8618: Non-nullable property 'Id' must contain a non-null value when exiting constructor. Consider adding the 'required' modifier or declaring the property as nullable. [C:\Users\hoangdv\source\repos\WebAppExam.InventoryService\WebAppExam.InventoryService.Domain\WebAppExam.InventoryService.Domain.csproj]
C:\Users\hoangdv\source\repos\WebAppExam.InventoryService\WebAppExam.InventoryService.Domain\Entity\WareHouse.cs(15,13): warning CS8618: Non-nullable property 'Address' must contain a non-null value when exiting constructor. Consider adding the 'required' modifier or declaring the property as nullable. [C:\Users\hoangdv\source\repos\WebAppExam.InventoryService\WebAppExam.InventoryService.Domain\WebAppExam.InventoryService.Domain.csproj]
C:\Users\hoangdv\source\repos\WebAppExam.InventoryService\WebAppExam.InventoryService.Domain\Entity\WareHouse.cs(15,13): warning CS8618: Non-nullable property 'OwnerName' must contain a non-null value when exiting constructor. Consider adding the 'required' modifier or declaring the property as nullable. [C:\Users\hoangdv\source\repos\WebAppExam.InventoryService\WebAppExam.InventoryService.Domain\WebAppExam.InventoryService.Domain.csproj]
C:\Users\hoangdv\source\repos\WebAppExam.InventoryService\WebAppExam.InventoryService.Domain\Entity\WareHouse.cs(15,13): warning CS8618: Non-nullable property 'OwnerEmail' must contain a non-null value when exiting constructor. Consider adding the 'required' modifier or declaring the property as nullable. [C:\Users\hoangdv\source\repos\WebAppExam.InventoryService\WebAppExam.InventoryService.Domain\WebAppExam.InventoryService.Domain.csproj]
C:\Users\hoangdv\source\repos\WebAppExam.InventoryService\WebAppExam.InventoryService.Domain\Entity\WareHouse.cs(15,13): warning CS8618: Non-nullable property 'OwnerPhone' must contain a non-null value when exiting constructor. Consider adding the 'required' modifier or declaring the property as nullable. [C:\Users\hoangdv\source\repos\WebAppExam.InventoryService\WebAppExam.InventoryService.Domain\WebAppExam.InventoryService.Domain.csproj]
C:\Users\hoangdv\source\repos\WebAppExam.InventoryService\WebAppExam.InventoryService.Domain\Entity\Inventory.cs(17,13): warning CS8618: Non-nullable property 'Id' must contain a non-null value when exiting constructor. Consider adding the 'required' modifier or declaring the property as nullable. [C:\Users\hoangdv\source\repos\WebAppExam.InventoryService\WebAppExam.InventoryService.Domain\WebAppExam.InventoryService.Domain.csproj]
C:\Users\hoangdv\source\repos\WebAppExam.InventoryService\WebAppExam.InventoryService.Domain\Entity\Inventory.cs(17,13): warning CS8618: Non-nullable property 'WareHouseId' must contain a non-null value when exiting constructor. Consider adding the 'required' modifier or declaring the property as nullable. [C:\Users\hoangdv\source\repos\WebAppExam.InventoryService\WebAppExam.InventoryService.Domain\WebAppExam.InventoryService.Domain.csproj]
C:\Users\hoangdv\source\repos\WebAppExam.InventoryService\WebAppExam.InventoryService.Domain\Entity\Inventory.cs(17,13): warning CS8618: Non-nullable property 'ProductId' must contain a non-null value when exiting constructor. Consider adding the 'required' modifier or declaring the property as nullable. [C:\Users\hoangdv\source\repos\WebAppExam.InventoryService\WebAppExam.InventoryService.Domain\WebAppExam.InventoryService.Domain.csproj]
C:\Users\hoangdv\source\repos\WebAppExam.InventoryService\WebAppExam.InventoryService.Domain\Entity\Inventory.cs(17,13): warning CS8618: Non-nullable property 'CorrelationId' must contain a non-null value when exiting constructor. Consider adding the 'required' modifier or declaring the property as nullable. [C:\Users\hoangdv\source\repos\WebAppExam.InventoryService\WebAppExam.InventoryService.Domain\WebAppExam.InventoryService.Domain.csproj]
  WebAppExam.InventoryService.Domain -> C:\Users\hoangdv\source\repos\WebAppExam.InventoryService\WebAppExam.InventoryService.Domain\bin\Debug\net10.0\WebAppExam.InventoryService.Domain.dll
C:\Users\hoangdv\source\repos\WebAppExam.InventoryService\WebAppExam.InventoryService.Application\Orders\DTOs\OrderReplyDTO.cs(16,12): warning CS8618: Non-nullable property 'IdenpotencyId' must contain a non-null value when exiting constructor. Consider adding the 'required' modifier or declaring the property as nullable. [C:\Users\hoangdv\source\repos\WebAppExam.InventoryService\WebAppExam.InventoryService.Application\WebAppExam.InventoryService.Application.csproj]
C:\Users\hoangdv\source\repos\WebAppExam.InventoryService\WebAppExam.InventoryService.Application\WareHouse\DTOs\InventoryRequestDTO.cs(7,19): warning CS8618: Non-nullable property 'WareHouseId' must contain a non-null value when exiting constructor. Consider adding the 'required' modifier or declaring the property as nullable. [C:\Users\hoangdv\source\repos\WebAppExam.InventoryService\WebAppExam.InventoryService.Application\WebAppExam.InventoryService.Application.csproj]
C:\Users\hoangdv\source\repos\WebAppExam.InventoryService\WebAppExam.InventoryService.Application\WareHouse\DTOs\InventoryRequestDTO.cs(9,19): warning CS8618: Non-nullable property 'UpdateEventId' must contain a non-null value when exiting constructor. Consider adding the 'required' modifier or declaring the property as nullable. [C:\Users\hoangdv\source\repos\WebAppExam.InventoryService\WebAppExam.InventoryService.Application\WebAppExam.InventoryService.Application.csproj]
C:\Users\hoangdv\source\repos\WebAppExam.InventoryService\WebAppExam.InventoryService.Application\Inventories\DTOs\GetBatchInventoryRequest.cs(7,25): warning CS8618: Non-nullable property 'CorrelationIds' must contain a non-null value when exiting constructor. Consider adding the 'required' modifier or declaring the property as nullable. [C:\Users\hoangdv\source\repos\WebAppExam.InventoryService\WebAppExam.InventoryService.Application\WebAppExam.InventoryService.Application.csproj]
C:\Users\hoangdv\source\repos\WebAppExam.InventoryService\WebAppExam.InventoryService.Application\WareHouse\Commands\CreateWareHouseCommand.cs(9,19): warning CS8618: Non-nullable property 'Address' must contain a non-null value when exiting constructor. Consider adding the 'required' modifier or declaring the property as nullable. [C:\Users\hoangdv\source\repos\WebAppExam.InventoryService\WebAppExam.InventoryService.Application\WebAppExam.InventoryService.Application.csproj]
C:\Users\hoangdv\source\repos\WebAppExam.InventoryService\WebAppExam.InventoryService.Application\WareHouse\Commands\CreateWareHouseCommand.cs(10,19): warning CS8618: Non-nullable property 'OwerName' must contain a non-null value when exiting constructor. Consider adding the 'required' modifier or declaring the property as nullable. [C:\Users\hoangdv\source\repos\WebAppExam.InventoryService\WebAppExam.InventoryService.Application\WebAppExam.InventoryService.Application.csproj]
C:\Users\hoangdv\source\repos\WebAppExam.InventoryService\WebAppExam.InventoryService.Application\WareHouse\Commands\CreateWareHouseCommand.cs(11,19): warning CS8618: Non-nullable property 'OwerEmail' must contain a non-null value when exiting constructor. Consider adding the 'required' modifier or declaring the property as nullable. [C:\Users\hoangdv\source\repos\WebAppExam.InventoryService\WebAppExam.InventoryService.Application\WebAppExam.InventoryService.Application.csproj]
C:\Users\hoangdv\source\repos\WebAppExam.InventoryService\WebAppExam.InventoryService.Application\WareHouse\Commands\CreateWareHouseCommand.cs(12,19): warning CS8618: Non-nullable property 'OwerPhone' must contain a non-null value when exiting constructor. Consider adding the 'required' modifier or declaring the property as nullable. [C:\Users\hoangdv\source\repos\WebAppExam.InventoryService\WebAppExam.InventoryService.Application\WebAppExam.InventoryService.Application.csproj]
  WebAppExam.InventoryService.Application -> C:\Users\hoangdv\source\repos\WebAppExam.InventoryService\WebAppExam.InventoryService.Application\bin\Debug\net10.0\WebAppExam.InventoryService.Application.dll
  WebAppExam.GrpcContracts -> c:\Users\hoangdv\source\repos\WebAppExam\WebAppExam.GrpcContracts\bin\Debug\net10.0\WebAppExam.GrpcContracts.dll
C:\Users\hoangdv\source\repos\WebAppExam.InventoryService\WebAppExam.InventoryService.Infrastructure\Consumers\OrderCreatedConsumer\OrderCreatedEvent.cs(15,19): warning CS8618: Non-nullable property 'ProductId' must contain a non-null value when exiting constructor. Consider adding the 'required' modifier or declaring the property as nullable. [C:\Users\hoangdv\source\repos\WebAppExam.InventoryService\WebAppExam.InventoryService.Infrastructure\WebAppExam.InventoryService.Infrastructure.csproj]
C:\Users\hoangdv\source\repos\WebAppExam.InventoryService\WebAppExam.InventoryService.Infrastructure\Consumers\OrderCreatedConsumer\OrderCreatedEvent.cs(17,19): warning CS8618: Non-nullable property 'WareHouseId' must contain a non-null value when exiting constructor. Consider adding the 'required' modifier or declaring the property as nullable. [C:\Users\hoangdv\source\repos\WebAppExam.InventoryService\WebAppExam.InventoryService.Infrastructure\WebAppExam.InventoryService.Infrastructure.csproj]
C:\Users\hoangdv\source\repos\WebAppExam.InventoryService\WebAppExam.InventoryService.Infrastructure\Consumers\OrderUpdatedConsumer\OrderUpdatedEvent.cs(8,19): warning CS8618: Non-nullable property 'IdempotencyId' must contain a non-null value when exiting constructor. Consider adding the 'required' modifier or declaring the property as nullable. [C:\Users\hoangdv\source\repos\WebAppExam.InventoryService\WebAppExam.InventoryService.Infrastructure\WebAppExam.InventoryService.Infrastructure.csproj]
C:\Users\hoangdv\source\repos\WebAppExam.InventoryService\WebAppExam.InventoryService.Infrastructure\Consumers\OrderUpdatedConsumer\OrderUpdatedEvent.cs(9,19): warning CS8618: Non-nullable property 'OrderId' must contain a non-null value when exiting constructor. Consider adding the 'required' modifier or declaring the property as nullable. [C:\Users\hoangdv\source\repos\WebAppExam.InventoryService\WebAppExam.InventoryService.Infrastructure\WebAppExam.InventoryService.Infrastructure.csproj]
C:\Users\hoangdv\source\repos\WebAppExam.InventoryService\WebAppExam.InventoryService.Infrastructure\Consumers\OrderUpdatedConsumer\OrderUpdatedEvent.cs(10,19): warning CS8618: Non-nullable property 'CustomerName' must contain a non-null value when exiting constructor. Consider adding the 'required' modifier or declaring the property as nullable. [C:\Users\hoangdv\source\repos\WebAppExam.InventoryService\WebAppExam.InventoryService.Infrastructure\WebAppExam.InventoryService.Infrastructure.csproj]
C:\Users\hoangdv\source\repos\WebAppExam.InventoryService\WebAppExam.InventoryService.Infrastructure\Consumers\OrderCanceledConsumer\OrderCanceledEvent.cs(11,23): warning CS8618: Non-nullable property 'IdempotencyId' must contain a non-null value when exiting constructor. Consider adding the 'required' modifier or declaring the property as nullable. [C:\Users\hoangdv\source\repos\WebAppExam.InventoryService\WebAppExam.InventoryService.Infrastructure\WebAppExam.InventoryService.Infrastructure.csproj]
C:\Users\hoangdv\source\repos\WebAppExam.InventoryService\WebAppExam.InventoryService.Infrastructure\Consumers\OrderCanceledConsumer\OrderCanceledEvent.cs(12,23): warning CS8618: Non-nullable property 'OrderId' must contain a non-null value when exiting constructor. Consider adding the 'required' modifier or declaring the property as nullable. [C:\Users\hoangdv\source\repos\WebAppExam.InventoryService\WebAppExam.InventoryService.Infrastructure\WebAppExam.InventoryService.Infrastructure.csproj]
C:\Users\hoangdv\source\repos\WebAppExam.InventoryService\WebAppExam.InventoryService.Infrastructure\Consumers\OrderCreatedConsumer\OrderCreatedEvent.cs(7,19): warning CS8618: Non-nullable property 'IdempotencyId' must contain a non-null value when exiting constructor. Consider adding the 'required' modifier or declaring the property as nullable. [C:\Users\hoangdv\source\repos\WebAppExam.InventoryService\WebAppExam.InventoryService.Infrastructure\WebAppExam.InventoryService.Infrastructure.csproj]
C:\Users\hoangdv\source\repos\WebAppExam.InventoryService\WebAppExam.InventoryService.Infrastructure\Consumers\OrderCreatedConsumer\OrderCreatedEvent.cs(8,19): warning CS8618: Non-nullable property 'OrderId' must contain a non-null value when exiting constructor. Consider adding the 'required' modifier or declaring the property as nullable. [C:\Users\hoangdv\source\repos\WebAppExam.InventoryService\WebAppExam.InventoryService.Infrastructure\WebAppExam.InventoryService.Infrastructure.csproj]
C:\Users\hoangdv\source\repos\WebAppExam.InventoryService\WebAppExam.InventoryService.Infrastructure\Consumers\OrderCreatedConsumer\OrderCreatedEvent.cs(9,19): warning CS8618: Non-nullable property 'CustomerName' must contain a non-null value when exiting constructor. Consider adding the 'required' modifier or declaring the property as nullable. [C:\Users\hoangdv\source\repos\WebAppExam.InventoryService\WebAppExam.InventoryService.Infrastructure\WebAppExam.InventoryService.Infrastructure.csproj]
C:\Users\hoangdv\source\repos\WebAppExam.InventoryService\WebAppExam.InventoryService.Infrastructure\Consumers\OrderDeletedComsumer\OrderDeletedEvent.cs(10,23): warning CS8618: Non-nullable property 'OrderId' must contain a non-null value when exiting constructor. Consider adding the 'required' modifier or declaring the property as nullable. [C:\Users\hoangdv\source\repos\WebAppExam.InventoryService\WebAppExam.InventoryService.Infrastructure\WebAppExam.InventoryService.Infrastructure.csproj]
C:\Users\hoangdv\source\repos\WebAppExam.InventoryService\WebAppExam.InventoryService.Infrastructure\Consumers\OrderDeletedComsumer\OrderDeletedEvent.cs(11,23): warning CS8618: Non-nullable property 'IdempotencyId' must contain a non-null value when exiting constructor. Consider adding the 'required' modifier or declaring the property as nullable. [C:\Users\hoangdv\source\repos\WebAppExam.InventoryService\WebAppExam.InventoryService.Infrastructure\WebAppExam.InventoryService.Infrastructure.csproj]
C:\Users\hoangdv\source\repos\WebAppExam.InventoryService\WebAppExam.InventoryService.Infrastructure\Services\InventoryService.cs(61,26): warning CS0168: The variable 'ex' is declared but never used [C:\Users\hoangdv\source\repos\WebAppExam.InventoryService\WebAppExam.InventoryService.Infrastructure\WebAppExam.InventoryService.Infrastructure.csproj]
  WebAppExam.InventoryService.Infrastructure -> C:\Users\hoangdv\source\repos\WebAppExam.InventoryService\WebAppExam.InventoryService.Infrastructure\bin\Debug\net10.0\WebAppExam.InventoryService.Infrastructure.dll
  WebAppExam.InventoryService.BackgroundJob -> C:\Users\hoangdv\source\repos\WebAppExam.InventoryService\WebAppExam.InventoryService.BackgroundJob\bin\Debug\net10.0\WebAppExam.InventoryService.BackgroundJob.dll
  WebAppExam.InventoryService.API -> C:\Users\hoangdv\source\repos\WebAppExam.InventoryService\WebAppExam.InventoryService.API\bin\Debug\net10.0\WebAppExam.InventoryService.API.dll

Build succeeded.

C:\Users\hoangdv\source\repos\WebAppExam.InventoryService\WebAppExam.InventoryService.Domain\Entity\WareHouse.cs(15,13): warning CS8618: Non-nullable property 'Id' must contain a non-null value when exiting constructor. Consider adding the 'required' modifier or declaring the property as nullable. [C:\Users\hoangdv\source\repos\WebAppExam.InventoryService\WebAppExam.InventoryService.Domain\WebAppExam.InventoryService.Domain.csproj]
C:\Users\hoangdv\source\repos\WebAppExam.InventoryService\WebAppExam.InventoryService.Domain\Entity\WareHouse.cs(15,13): warning CS8618: Non-nullable property 'Address' must contain a non-null value when exiting constructor. Consider adding the 'required' modifier or declaring the property as nullable. [C:\Users\hoangdv\source\repos\WebAppExam.InventoryService\WebAppExam.InventoryService.Domain\WebAppExam.InventoryService.Domain.csproj]
C:\Users\hoangdv\source\repos\WebAppExam.InventoryService\WebAppExam.InventoryService.Domain\Entity\WareHouse.cs(15,13): warning CS8618: Non-nullable property 'OwnerName' must contain a non-null value when exiting constructor. Consider adding the 'required' modifier or declaring the property as nullable. [C:\Users\hoangdv\source\repos\WebAppExam.InventoryService\WebAppExam.InventoryService.Domain\WebAppExam.InventoryService.Domain.csproj]
C:\Users\hoangdv\source\repos\WebAppExam.InventoryService\WebAppExam.InventoryService.Domain\Entity\WareHouse.cs(15,13): warning CS8618: Non-nullable property 'OwnerEmail' must contain a non-null value when exiting constructor. Consider adding the 'required' modifier or declaring the property as nullable. [C:\Users\hoangdv\source\repos\WebAppExam.InventoryService\WebAppExam.InventoryService.Domain\WebAppExam.InventoryService.Domain.csproj]
C:\Users\hoangdv\source\repos\WebAppExam.InventoryService\WebAppExam.InventoryService.Domain\Entity\WareHouse.cs(15,13): warning CS8618: Non-nullable property 'OwnerPhone' must contain a non-null value when exiting constructor. Consider adding the 'required' modifier or declaring the property as nullable. [C:\Users\hoangdv\source\repos\WebAppExam.InventoryService\WebAppExam.InventoryService.Domain\WebAppExam.InventoryService.Domain.csproj]
C:\Users\hoangdv\source\repos\WebAppExam.InventoryService\WebAppExam.InventoryService.Domain\Entity\Inventory.cs(17,13): warning CS8618: Non-nullable property 'Id' must contain a non-null value when exiting constructor. Consider adding the 'required' modifier or declaring the property as nullable. [C:\Users\hoangdv\source\repos\WebAppExam.InventoryService\WebAppExam.InventoryService.Domain\WebAppExam.InventoryService.Domain.csproj]
C:\Users\hoangdv\source\repos\WebAppExam.InventoryService\WebAppExam.InventoryService.Domain\Entity\Inventory.cs(17,13): warning CS8618: Non-nullable property 'WareHouseId' must contain a non-null value when exiting constructor. Consider adding the 'required' modifier or declaring the property as nullable. [C:\Users\hoangdv\source\repos\WebAppExam.InventoryService\WebAppExam.InventoryService.Domain\WebAppExam.InventoryService.Domain.csproj]
C:\Users\hoangdv\source\repos\WebAppExam.InventoryService\WebAppExam.InventoryService.Domain\Entity\Inventory.cs(17,13): warning CS8618: Non-nullable property 'ProductId' must contain a non-null value when exiting constructor. Consider adding the 'required' modifier or declaring the property as nullable. [C:\Users\hoangdv\source\repos\WebAppExam.InventoryService\WebAppExam.InventoryService.Domain\WebAppExam.InventoryService.Domain.csproj]
C:\Users\hoangdv\source\repos\WebAppExam.InventoryService\WebAppExam.InventoryService.Domain\Entity\Inventory.cs(17,13): warning CS8618: Non-nullable property 'CorrelationId' must contain a non-null value when exiting constructor. Consider adding the 'required' modifier or declaring the property as nullable. [C:\Users\hoangdv\source\repos\WebAppExam.InventoryService\WebAppExam.InventoryService.Domain\WebAppExam.InventoryService.Domain.csproj]
C:\Users\hoangdv\source\repos\WebAppExam.InventoryService\WebAppExam.InventoryService.Application\Orders\DTOs\OrderReplyDTO.cs(16,12): warning CS8618: Non-nullable property 'IdenpotencyId' must contain a non-null value when exiting constructor. Consider adding the 'required' modifier or declaring the property as nullable. [C:\Users\hoangdv\source\repos\WebAppExam.InventoryService\WebAppExam.InventoryService.Application\WebAppExam.InventoryService.Application.csproj]
C:\Users\hoangdv\source\repos\WebAppExam.InventoryService\WebAppExam.InventoryService.Application\WareHouse\DTOs\InventoryRequestDTO.cs(7,19): warning CS8618: Non-nullable property 'WareHouseId' must contain a non-null value when exiting constructor. Consider adding the 'required' modifier or declaring the property as nullable. [C:\Users\hoangdv\source\repos\WebAppExam.InventoryService\WebAppExam.InventoryService.Application\WebAppExam.InventoryService.Application.csproj]
C:\Users\hoangdv\source\repos\WebAppExam.InventoryService\WebAppExam.InventoryService.Application\WareHouse\DTOs\InventoryRequestDTO.cs(9,19): warning CS8618: Non-nullable property 'UpdateEventId' must contain a non-null value when exiting constructor. Consider adding the 'required' modifier or declaring the property as nullable. [C:\Users\hoangdv\source\repos\WebAppExam.InventoryService\WebAppExam.InventoryService.Application\WebAppExam.InventoryService.Application.csproj]
C:\Users\hoangdv\source\repos\WebAppExam.InventoryService\WebAppExam.InventoryService.Application\Inventories\DTOs\GetBatchInventoryRequest.cs(7,25): warning CS8618: Non-nullable property 'CorrelationIds' must contain a non-null value when exiting constructor. Consider adding the 'required' modifier or declaring the property as nullable. [C:\Users\hoangdv\source\repos\WebAppExam.InventoryService\WebAppExam.InventoryService.Application\WebAppExam.InventoryService.Application.csproj]
C:\Users\hoangdv\source\repos\WebAppExam.InventoryService\WebAppExam.InventoryService.Application\WareHouse\Commands\CreateWareHouseCommand.cs(9,19): warning CS8618: Non-nullable property 'Address' must contain a non-null value when exiting constructor. Consider adding the 'required' modifier or declaring the property as nullable. [C:\Users\hoangdv\source\repos\WebAppExam.InventoryService\WebAppExam.InventoryService.Application\WebAppExam.InventoryService.Application.csproj]
C:\Users\hoangdv\source\repos\WebAppExam.InventoryService\WebAppExam.InventoryService.Application\WareHouse\Commands\CreateWareHouseCommand.cs(10,19): warning CS8618: Non-nullable property 'OwerName' must contain a non-null value when exiting constructor. Consider adding the 'required' modifier or declaring the property as nullable. [C:\Users\hoangdv\source\repos\WebAppExam.InventoryService\WebAppExam.InventoryService.Application\WebAppExam.InventoryService.Application.csproj]
C:\Users\hoangdv\source\repos\WebAppExam.InventoryService\WebAppExam.InventoryService.Application\WareHouse\Commands\CreateWareHouseCommand.cs(11,19): warning CS8618: Non-nullable property 'OwerEmail' must contain a non-null value when exiting constructor. Consider adding the 'required' modifier or declaring the property as nullable. [C:\Users\hoangdv\source\repos\WebAppExam.InventoryService\WebAppExam.InventoryService.Application\WebAppExam.InventoryService.Application.csproj]
C:\Users\hoangdv\source\repos\WebAppExam.InventoryService\WebAppExam.InventoryService.Application\WareHouse\Commands\CreateWareHouseCommand.cs(12,19): warning CS8618: Non-nullable property 'OwerPhone' must contain a non-null value when exiting constructor. Consider adding the 'required' modifier or declaring the property as nullable. [C:\Users\hoangdv\source\repos\WebAppExam.InventoryService\WebAppExam.InventoryService.Application\WebAppExam.InventoryService.Application.csproj]
C:\Users\hoangdv\source\repos\WebAppExam.InventoryService\WebAppExam.InventoryService.Infrastructure\Consumers\OrderCreatedConsumer\OrderCreatedEvent.cs(15,19): warning CS8618: Non-nullable property 'ProductId' must contain a non-null value when exiting constructor. Consider adding the 'required' modifier or declaring the property as nullable. [C:\Users\hoangdv\source\repos\WebAppExam.InventoryService\WebAppExam.InventoryService.Infrastructure\WebAppExam.InventoryService.Infrastructure.csproj]
C:\Users\hoangdv\source\repos\WebAppExam.InventoryService\WebAppExam.InventoryService.Infrastructure\Consumers\OrderCreatedConsumer\OrderCreatedEvent.cs(17,19): warning CS8618: Non-nullable property 'WareHouseId' must contain a non-null value when exiting constructor. Consider adding the 'required' modifier or declaring the property as nullable. [C:\Users\hoangdv\source\repos\WebAppExam.InventoryService\WebAppExam.InventoryService.Infrastructure\WebAppExam.InventoryService.Infrastructure.csproj]
C:\Users\hoangdv\source\repos\WebAppExam.InventoryService\WebAppExam.InventoryService.Infrastructure\Consumers\OrderUpdatedConsumer\OrderUpdatedEvent.cs(8,19): warning CS8618: Non-nullable property 'IdempotencyId' must contain a non-null value when exiting constructor. Consider adding the 'required' modifier or declaring the property as nullable. [C:\Users\hoangdv\source\repos\WebAppExam.InventoryService\WebAppExam.InventoryService.Infrastructure\WebAppExam.InventoryService.Infrastructure.csproj]
C:\Users\hoangdv\source\repos\WebAppExam.InventoryService\WebAppExam.InventoryService.Infrastructure\Consumers\OrderUpdatedConsumer\OrderUpdatedEvent.cs(9,19): warning CS8618: Non-nullable property 'OrderId' must contain a non-null value when exiting constructor. Consider adding the 'required' modifier or declaring the property as nullable. [C:\Users\hoangdv\source\repos\WebAppExam.InventoryService\WebAppExam.InventoryService.Infrastructure\WebAppExam.InventoryService.Infrastructure.csproj]
C:\Users\hoangdv\source\repos\WebAppExam.InventoryService\WebAppExam.InventoryService.Infrastructure\Consumers\OrderUpdatedConsumer\OrderUpdatedEvent.cs(10,19): warning CS8618: Non-nullable property 'CustomerName' must contain a non-null value when exiting constructor. Consider adding the 'required' modifier or declaring the property as nullable. [C:\Users\hoangdv\source\repos\WebAppExam.InventoryService\WebAppExam.InventoryService.Infrastructure\WebAppExam.InventoryService.Infrastructure.csproj]
C:\Users\hoangdv\source\repos\WebAppExam.InventoryService\WebAppExam.InventoryService.Infrastructure\Consumers\OrderCanceledConsumer\OrderCanceledEvent.cs(11,23): warning CS8618: Non-nullable property 'IdempotencyId' must contain a non-null value when exiting constructor. Consider adding the 'required' modifier or declaring the property as nullable. [C:\Users\hoangdv\source\repos\WebAppExam.InventoryService\WebAppExam.InventoryService.Infrastructure\WebAppExam.InventoryService.Infrastructure.csproj]
C:\Users\hoangdv\source\repos\WebAppExam.InventoryService\WebAppExam.InventoryService.Infrastructure\Consumers\OrderCanceledConsumer\OrderCanceledEvent.cs(12,23): warning CS8618: Non-nullable property 'OrderId' must contain a non-null value when exiting constructor. Consider adding the 'required' modifier or declaring the property as nullable. [C:\Users\hoangdv\source\repos\WebAppExam.InventoryService\WebAppExam.InventoryService.Infrastructure\WebAppExam.InventoryService.Infrastructure.csproj]
C:\Users\hoangdv\source\repos\WebAppExam.InventoryService\WebAppExam.InventoryService.Infrastructure\Consumers\OrderCreatedConsumer\OrderCreatedEvent.cs(7,19): warning CS8618: Non-nullable property 'IdempotencyId' must contain a non-null value when exiting constructor. Consider adding the 'required' modifier or declaring the property as nullable. [C:\Users\hoangdv\source\repos\WebAppExam.InventoryService\WebAppExam.InventoryService.Infrastructure\WebAppExam.InventoryService.Infrastructure.csproj]
C:\Users\hoangdv\source\repos\WebAppExam.InventoryService\WebAppExam.InventoryService.Infrastructure\Consumers\OrderCreatedConsumer\OrderCreatedEvent.cs(8,19): warning CS8618: Non-nullable property 'OrderId' must contain a non-null value when exiting constructor. Consider adding the 'required' modifier or declaring the property as nullable. [C:\Users\hoangdv\source\repos\WebAppExam.InventoryService\WebAppExam.InventoryService.Infrastructure\WebAppExam.InventoryService.Infrastructure.csproj]
C:\Users\hoangdv\source\repos\WebAppExam.InventoryService\WebAppExam.InventoryService.Infrastructure\Consumers\OrderCreatedConsumer\OrderCreatedEvent.cs(9,19): warning CS8618: Non-nullable property 'CustomerName' must contain a non-null value when exiting constructor. Consider adding the 'required' modifier or declaring the property as nullable. [C:\Users\hoangdv\source\repos\WebAppExam.InventoryService\WebAppExam.InventoryService.Infrastructure\WebAppExam.InventoryService.Infrastructure.csproj]
C:\Users\hoangdv\source\repos\WebAppExam.InventoryService\WebAppExam.InventoryService.Infrastructure\Consumers\OrderDeletedComsumer\OrderDeletedEvent.cs(10,23): warning CS8618: Non-nullable property 'OrderId' must contain a non-null value when exiting constructor. Consider adding the 'required' modifier or declaring the property as nullable. [C:\Users\hoangdv\source\repos\WebAppExam.InventoryService\WebAppExam.InventoryService.Infrastructure\WebAppExam.InventoryService.Infrastructure.csproj]
C:\Users\hoangdv\source\repos\WebAppExam.InventoryService\WebAppExam.InventoryService.Infrastructure\Consumers\OrderDeletedComsumer\OrderDeletedEvent.cs(11,23): warning CS8618: Non-nullable property 'IdempotencyId' must contain a non-null value when exiting constructor. Consider adding the 'required' modifier or declaring the property as nullable. [C:\Users\hoangdv\source\repos\WebAppExam.InventoryService\WebAppExam.InventoryService.Infrastructure\WebAppExam.InventoryService.Infrastructure.csproj]
C:\Users\hoangdv\source\repos\WebAppExam.InventoryService\WebAppExam.InventoryService.Infrastructure\Services\InventoryService.cs(61,26): warning CS0168: The variable 'ex' is declared but never used [C:\Users\hoangdv\source\repos\WebAppExam.InventoryService\WebAppExam.InventoryService.Infrastructure\WebAppExam.InventoryService.Infrastructure.csproj]
    30 Warning(s)
    0 Error(s)

Time Elapsed 00:00:03.01
